998806
996800
994065
998638
998211
999024
989873
997355
995061
-99