0.8079032
0.9038658
0.9480954
0.9709818
0.9834396
