0.9988387
0.9989751
0.9990967
0.9992051
0.9993015
0.9988387
0.9980326
0.9986723
0.9984842
0.9982719
