0.9997199
0.9996710
0.9996197
0.9995552
0.9994877
0.9994032
0.9993152
0.9992055
0.9990918
0.9989505
0.9988045
0.9986240
0.9984383
0.9982094
0.9979747
0.9976867
0.9973926
0.9970329
0.9966670
0.9962212
0.9957693
0.9952207
0.9946667
0.9939967
0.9933224
0.9925097
0.9916948
0.9907162
0.9897383
0.9885679
0.9874025
0.9860125
0.9846331
0.9829934
0.9813718
0.9794504
0.9775566
0.9753200
0.9731230
0.9705365
0.9680041
0.9650323
0.9621320
0.9587392
0.9554385
0.9515894
0.9478565
0.9435168
0.9393211
0.9344582
0.9297713
0.9243551
0.9191508
0.9131545
0.9074100
0.9008108
0.8945074
0.8872870
0.8804104
0.8725560
0.8650972
0.8566018
0.8485575
0.8394206
0.8307933
0.8210214
0.8118203
0.8014266
0.7916673
0.7806727
0.7703774
0.7588098
0.7480072
0.7359016
0.7246267
0.7120248
0.7003187
0.6872685
0.6751777
0.6617329
0.6493087
0.6355280
0.6228260
0.6087721
0.5958512
0.5815903
0.5685119
0.5541123
0.5409394
0.5264707
0.5132671
0.4987993
0.4856285
0.4712307
0.4581551
0.4438946
0.4309746
0.4169163
0.4042094
0.3904147
