0.185782
0.194129
0.203378
0.212166
0.221885
0.231099
0.241270
0.250891
0.261490
0.271494
0.282495
0.292855
0.304225
0.314911
0.326616
0.337592
0.349595
0.360824
0.373081
0.384525
0.396993
0.408608
0.421241
0.432984
0.445733
0.457560
0.470378
0.482243
0.495078
0.506936
0.519741
0.531546
0.544273
0.555980
0.568581
0.580149
0.592578
0.603965
0.616179
0.627346
0.639305
0.650217
0.661882
0.672505
0.683843
0.694147
0.705127
0.715086
0.725680
0.735271
0.745457
0.754661
0.764420
0.773221
0.782537
0.790923
0.799786
0.807748
0.816151
0.823685
0.831623
0.838727
0.846201
0.852877
0.859889
0.866142
0.872699
0.878535
0.884646
0.890075
0.895751
0.900784
0.906039
0.910690
0.915538
0.919821
0.924280
0.928212
0.932299
0.935897
0.939631
0.942913
0.946313
0.949297
0.952384
0.955087
0.957881
0.960323
0.962843
0.965042
0.967308
0.969282
0.971313
0.973080
0.974895
0.976471
0.978088
0.979489
0.980925
0.982168
