 ____  __  __  ____  ____  __    _  _     _    _  _____  ____  ____   ___ 
(  _ \(  )(  )(  _ \(  _ \(  )  ( \/ )   ( \/\/ )(  _  )(  _ \(  _ \ / __)
 ) _ < )(__)(  ) _ < ) _ < )(__  \  /     )    (  )(_)(  )   / )(_) )\__ \
(____/(______)(____/(____/(____) (__)    (__/\__)(_____)(_)\_)(____/ (___/
