    _   _      #   ___          _   _                        |"|          _   _                        |"|                    #                 #
   '\\-//`     #  <_*_>        '\\-//`      `  _ ,  '       _|_|_        '\\-//`      `  _ ,  '       _|_|_          "     #=ooO=========Ooo=#
    (o o)      #  (o o)         (o o)      -  (o)o)  -      (o o)         (o o)      -  (o)o)  -      (o o)      `  ___  ' #  \\  (o o)  //  #
ooO--(_)--Ooo--8---(_)--Ooo-ooO--(_)--Ooo--ooO'(_)--Ooo-ooO--(_)--Ooo-ooO--(_)--Ooo--ooO'(_)--Ooo-ooO--(_)--Ooo-    -ooO---Ooo---------(_)--------
