lonelymazes dreaddelves boilingpits darkertombs granitelair