aa0 aa2 aa3 aa6 aa8 aa7 aa5 aaf aae ad0 ae7 ae4 ae1 ae8 ae9 ae5 ae6 ab9 ae2 aea aeb aec ae3 ac4 aff abb abc aa1 aa9 aaa aca ad7 abf ad6 ac9 acf ace ad5 abd abe ad9 ade adf ae0 ada adb adc add ad8 ac0 aed af0 aef aee ac1 af6 af7 ab1 afe af8 af9 afa afb afc afd af1 b00 b01 af2 ac8 b02 b03 b04 b11 b05 b06 b12 b13 b07 b08 b09 b0a b0b b0c b0d b0e b0f b10 af3 b20 b1f b1e b1b b21 b25 b24 b23 b22 b1c b1d acc b14 b15 b16 b17 b18 b19 b1a af4 af5 ac2 aab b26 ac3 b3c b3a b3b acb b37 b36 b33 b39 b38 b34 b35 b2a b30 b31 b3e b42 b3f b44 b43 b41 b3d b40 b32 b29 b2c b49 b4c b4b b47 b4a b2d b2f aba b4d b46 b4e b48 b2e b45 b2b ac6 aac b27 b28 ac5 ac7 acd ad1 ad2 b4f ad3 ad4 ab7 aa4 b50 b51 ab8 b70 b71 b66 b79 b98 b99 b9a b9c b9b b97 b53 b5b b6f b61 b62 b63 b64 b65 b67 b73 b72 b68 b74 b69 b6a b6b b75 b76 b6c b6d b6e b59 b87 b89 b86 b88 b83 b8a b8b b84 b85 b81 b7d b8c b7e b7f b8d b8e b80 b82 b77 b78 b8f b7a b90 b91 b92 b93 b7b b94 b95 b96 b7c b5a b5c b5e b5d b5f b60 b58 b57 cc2 d2c d0f cc1 d2d d10 d2e d2f d11 ced cde d30 d12 cc7 ce9 d13 d31 d14 d32 d15 d33 d16 cdf d17 cb2 ccb d18 cca d34 d19 cbb ccd d35 d1a cd4 ca8 d36 d1b d37 d1c d38 d1d d39 d1e d1f d3a d20 d3b d21 ccf d3c d22 d3d d3e d23 cb9 cc4 d24 cba ccc d3f d25 cc8 ce8 d26 cea d27 ce1 d28 cc5 d40 d29 ce0 d2a d41 d42 d2b d03 c2b c33 c34 c32 c31 c2c ba7 be0 be3 be2 be1 bdd be7 be6 be4 be5 bde bdf bdc bdb be8 be9 c19 c15 c35 c36 c3b c3c c37 aad ab2 ab3 ab4 ab5 ab6 ab0 bce bcd bfe bef ba4 bf0 bf1 bf2 bff bf3 bf4 bf5 bf6 bf7 bf8 bf9 bfa bfb bfc bfd bee bed b9e ba2 ba1 ba0 b9f b9d c16 c17 c18 c14 c11 ba6 c02 c03 c04 bc8 c08 c05 c06 c07 c01 c1a c1d c1e c1f c1c c1b c12 c20 ba3 c21 c13 c10 c3d c3e c3f c42 c40 c41 c38 bcc c44 c45 c43 c39 c3a c2d beb c4b c46 c4c c47 c4d c4e c48 bd2 bd1 bd3 c52 c4f c50 c55 c54 c53 c51 c49 c4a c2e c56 c57 c58 c59 c5a c95 c69 c6a c6b c96 c6c c6d c97 c98 c99 c6e c9a c6f c9b c70 c9c c71 c9d c72 c9e c73 c74 c75 c76 c77 c78 c09 c79 c7a c7b c7c c7d c7e c7f c80 c81 c83 c9f c82 c84 ca0 c85 c86 c87 c88 c89 c8a c8b c8c c8d c8e c8f c90 c91 c92 c93 c94 c64 c65 ca1 ca2 ca3 ca4 c66 ca5 ca6 ca7 ca9 caa cab cac cad cae caf cb0 cb1 cb3 cb4 cb5 cb6 cb7 cb8 cf0 cbc cd0 cf1 cbd cbe cbf cc0 cc3 cc6 cc9 cce cd1 cd7 cd2 cd3 cd5 cd6 cd8 cd9 cda cf2 cdb cdc cf3 cdd ce2 ce3 ce4 ce5 ce6 ce7 ceb cec cee cef c67 ba8 c68 c5e cf5 cf4 c5f cf7 cf6 c60 c61 cf8 c62 cfd cff cfb cfc cfe cf9 cfa c63 c5b bda c0c c0b c0e c0d d00 d01 d02 c5c c5d c2f d04 d05 d06 d43 d44 d07 d45 d08 ba5 d46 d09 d0a d0b d0c d0d d0e c30 c2a