ejj eji ejh ejg ejf eje ejd ejc ejb eja eij eii eih eig eif eie eid eic eib eia ehj ehi ehh ehg ehf ehe ehd ehc ehb eha egj egi egh egg egf ege egd egc egb ega efj efi efh efg eff efe efd efc efb efa eej eei eeh eeg eef eee eed eec eeb eea edj edi edh edg edf ede edd edc edb eda ecj eci ech ecg ecf ece ecd ecc ecb eca ebj ebi ebh ebg ebf ebe ebd ebc ebb eba eaj eai eah eag eaf eae ead eac eab eaa djj dji djh djg djf dje djd djc djb dja dij dii dih dig dif die did dic dib dia dhj dhi dhh dhg dhf dhe dhd dhc dhb dha dgj dgi dgh dgg dgf dge dgd dgc dgb dga dfj dfi dfh dfg dff dfe dfd dfc dfb dfa dej dei deh deg def dee ded dec deb dea ddj ddi ddh ddg ddf dde ddd ddc ddb dda dcj dci dch dcg dcf dce dcd dcc dcb dca dbj dbi dbh dbg dbf dbe dbd dbc dbb dba daj dai dah dag daf dae dad dac dab daa cjj cji cjh cjg cjf cje cjd cjc cjb cja cij cii cih cig cif cie cid cic cib cia chj chi chh chg chf che chd chc chb cha cgj cgi cgh cgg cgf cge cgd cgc cgb cga cfj cfi cfh cfg cff cfe cfd cfc cfb cfa cej cei ceh ceg cef cee ced cec ceb cea cdj cdi cdh cdg cdf cde cdd cdc cdb cda ccj cci cch ccg ccf cce ccd ccc ccb cca cbj cbi cbh cbg cbf cbe cbd cbc cbb cba caj cai cah cag caf cae cad cac cab caa bjj bji bjh bjg bjf bje bjd bjc bjb bja bij bii bih big bif bie bid bic bib bia bhj bhi bhh bhg bhf bhe bhd bhc bhb bha bgj bgi bgh bgg bgf bge bgd bgc bgb bga bfj bfi bfh bfg bff bfe bfd bfc bfb bfa bej bei beh beg bef bee bed bec beb bea bdj bdi bdh bdg bdf bde bdd bdc bdb bda bcj bci bch bcg bcf bce bcd bcc bcb bca bbj bbi bbh bbg bbf bbe bbd bbc bbb bba baj bai bah bag baf bae bad bac bab baa jj ji jh jg jf je jd jc jb ja ij ii ih ig if ie id ic ib ia hj hi hh hg hf he hd hc hb ha gj gi gh gg gf ge gd gc gb ga fj fi fh fg ff fe fd fc fb fa ej ei eh eg ef ee ed ec eb ea dj di dh dg df de dd dc db da cj ci ch cg cf ce cd cc cb ca bj bi bh bg bf be bd bc bb ba j i h g f e d c b a