abc abe acf aco adg adh aag aai aao aan aca adk aaf aae bhi acd adm acp adi aaj aam aal aaa aap adn abf ace aah adl abd aab abh bim acj bkf aeb aec aeh aea aej adj aem aen aek aeo aep ael abp aei ack aff abb aed afg aef aee ach adb adc add adp ade adf aeg ada ado acg bhd big bhf bhe bhb bih bil bik bij bii bhc acc bjb bjc bja acb bjl bjn bjm bjj bjp bjo bjk bia bje bkg bki bjf bkk bkj bkh bjd bji bic bif bjg bjh bip bkp bkc bkb bkn bka bid bke bko aba bhj bkd bkm bie bkl bib acm bio acn aac bin acl afl bgg bgh afi bha bhk bhl bhm bhn bho bhp afk afa afb afc afd afm afn afp afe afo afh bga bgb bgc bgd bge bgf bgi bgj bgk bgm bgn bgo bgp bhg bhh bgl afj aci abn bpa bpo bpp bpc bpb bng bnh bmm aak blg blh abo bnp bpn blb bmf bmh bnl cci dic dgf ccb djn dhc cbi dho ccd djp dhe die dif dhh cbb djl dha djd dje dij cbp cck dik cdk cao djm dhb cba ccc djf dil ccl bmb dkg dip djg bnm bmc dhf djh dhk dji dhl djj dhm ceg dia dja dig djb dih cea din ceh dio ced cde dhi cdf dhn ccn cep dhj cco ceo dim cca bnk bmp djo dhd cch did dhg djk dhp ccf djc dii bmj dkh dki dib blc bpg bph bpi boc bne bpj bnb ble bld blj bma bmd bme bmi bmk bml bmn bnj bni bmo blp bnf boi bod boe bog bol bon boo bop bom boj boa bob bok boh bnd bnn blf bmg bno bof bna bpk bpl bpm bnc bla blo bln dgj cib cjj cjk cji cjh cic bfe cka cki abk cgm ckb ckm ckc ckn bco cgo cgl abi abj ban beb che ckd cke cko clg bdi bdh bdj bcc cll clk clj clh cli bcd bef bfa bfb bfc bfd bfh bfi bfk bfl bfm bfn bfo bfp bak bfg bff bfj bee bed ckf ckp cie cho chp cpd dga dgc dge dgk dgl dgm dkl dgo bao cmo dgd bal dkm dgp cah cai caj cak dkj dkk dgn bdf bep beg bej bei beh bdd bel ben bem bek bde beo bdc bdb chl dgb cjg cja cjl cjm cjb cjc cjn bce ckk ckl ckj cjp abl cjd cje cjf ckg aad abm abg bpe bai bah bag bpf bpd chm chn chk chh cig baj cih chj bam cha chd chf chc chb cgi cgj cgk cgn cgh chi chg ckh cjo cid cla clm cln clo clp bda cgc cgb cld cpp dgg dgh dgi cge cgd clc cmh cfo cmi cfn cnm coc cpm cmc cgp cnp cfm cmg cfl cma cnk cob coo cop cpg cph cpl cmp cfk clf cfa cml cmm cfd cfe cmb cna coa cod coe cof con cpi cff cfc cpn cpo cfb cfp caa cab cac cad cae caf cal cam can cap cbe cbf cbg cbh cbj cbk cbl cbm cbn cbo cce ccg ccj ccm ccp cda cdc cdg cdh cdj cdl cdm cdn cdi cdo cdp ceb cec cee cef cei cej cek cel cem cen cfg cbc cfh cbd cfi cdb cfj cdd cmn cmj cmd cme cnb cnc cnd cnf cni cnl cnn cno cog coh coj cok com cpj cpa cmf cpc cne cnh cpb cng cpk cpe cnj cpf coi cag col cmk cle clb cif cia