Oiy'y tmnd tz gvt ecv mlzaemtsf cw rtuu (12:00xv).