*&6 56548 90(). |\+=-0-0 1234567890 ~!@#$%^&*()_+ <>