\ 7 /\ 9 /
5 X 33 X 8
/ 1 \/ 9 \
\ 1 /\ 9 /
0 X 44 X 8
/ 6 \/ 0 \
