\ 1 /\ 5 /\ 0 /
8 X 00 X 55 X 7
/ 0 \/ 1 \/ 7 \
\ 0 /\ 1 /\ 7 /
7 X 99 X 00 X 4
/ 0 \/ 0 \/ 5 \
\ 0 /\ 0 /\ 5 /
6 X 22 X 99 X 0
/ 4 \/ 4 \/ 5 \
