\ 5 /\ 1 /\ 1 /\ 1 /\ 1 /\ 1 /\ 1 /\ 1 /\ 1 /\ 1 /\ 1 /\ 1 /\ 1 /\ 1 /\ 1 /\ 2 /
5 X 11 X 11 X 11 X 11 X 11 X 11 X 11 X 11 X 11 X 11 X 11 X 11 X 11 X 11 X 11 X 2
/ 1 \/ 1 \/ 1 \/ 1 \/ 1 \/ 1 \/ 1 \/ 1 \/ 1 \/ 1 \/ 1 \/ 1 \/ 1 \/ 1 \/ 1 \/ 1 \
\ 1 /\ 1 /\ 1 /\ 1 /\ 1 /\ 1 /\ 1 /\ 1 /\ 1 /\ 1 /\ 1 /\ 1 /\ 1 /\ 1 /\ 1 /\ 1 /
1 X 11 X 11 X 11 X 11 X 11 X 11 X 11 X 11 X 11 X 11 X 11 X 11 X 11 X 11 X 11 X 1
/ 1 \/ 1 \/ 1 \/ 1 \/ 1 \/ 1 \/ 1 \/ 1 \/ 1 \/ 1 \/ 1 \/ 1 \/ 1 \/ 1 \/ 1 \/ 1 \
\ 1 /\ 1 /\ 1 /\ 1 /\ 1 /\ 1 /\ 1 /\ 1 /\ 1 /\ 1 /\ 1 /\ 1 /\ 1 /\ 1 /\ 1 /\ 1 /
1 X 11 X 11 X 11 X 11 X 11 X 11 X 11 X 11 X 11 X 11 X 11 X 11 X 11 X 11 X 11 X 1
/ 1 \/ 1 \/ 1 \/ 1 \/ 1 \/ 1 \/ 1 \/ 1 \/ 1 \/ 1 \/ 1 \/ 1 \/ 1 \/ 1 \/ 1 \/ 1 \
\ 1 /\ 1 /\ 1 /\ 1 /\ 1 /\ 1 /\ 1 /\ 1 /\ 1 /\ 1 /\ 1 /\ 1 /\ 1 /\ 1 /\ 1 /\ 1 /
1 X 11 X 11 X 11 X 11 X 11 X 11 X 11 X 11 X 11 X 11 X 11 X 11 X 11 X 11 X 11 X 1
/ 1 \/ 1 \/ 1 \/ 1 \/ 1 \/ 1 \/ 1 \/ 1 \/ 1 \/ 1 \/ 1 \/ 1 \/ 1 \/ 1 \/ 1 \/ 1 \
\ 1 /\ 1 /\ 1 /\ 1 /\ 1 /\ 1 /\ 1 /\ 1 /\ 1 /\ 1 /\ 1 /\ 1 /\ 1 /\ 1 /\ 1 /\ 1 /
1 X 11 X 11 X 11 X 11 X 11 X 11 X 11 X 11 X 11 X 11 X 11 X 11 X 11 X 11 X 11 X 1
/ 1 \/ 1 \/ 1 \/ 1 \/ 1 \/ 1 \/ 1 \/ 1 \/ 1 \/ 1 \/ 1 \/ 1 \/ 1 \/ 1 \/ 1 \/ 1 \
\ 1 /\ 1 /\ 1 /\ 1 /\ 1 /\ 1 /\ 1 /\ 1 /\ 1 /\ 1 /\ 1 /\ 1 /\ 1 /\ 1 /\ 1 /\ 1 /
1 X 11 X 11 X 11 X 11 X 11 X 11 X 11 X 11 X 11 X 11 X 11 X 11 X 11 X 11 X 11 X 1
/ 1 \/ 1 \/ 1 \/ 1 \/ 1 \/ 1 \/ 1 \/ 1 \/ 1 \/ 1 \/ 1 \/ 1 \/ 1 \/ 1 \/ 1 \/ 1 \
\ 1 /\ 1 /\ 1 /\ 1 /\ 1 /\ 1 /\ 1 /\ 1 /\ 1 /\ 1 /\ 1 /\ 1 /\ 1 /\ 1 /\ 1 /\ 1 /
1 X 11 X 11 X 11 X 11 X 11 X 11 X 11 X 11 X 11 X 11 X 11 X 11 X 11 X 11 X 11 X 1
/ 1 \/ 1 \/ 1 \/ 1 \/ 1 \/ 1 \/ 1 \/ 1 \/ 1 \/ 1 \/ 1 \/ 1 \/ 1 \/ 1 \/ 1 \/ 1 \
\ 1 /\ 1 /\ 1 /\ 1 /\ 1 /\ 1 /\ 1 /\ 1 /\ 1 /\ 1 /\ 1 /\ 1 /\ 1 /\ 1 /\ 1 /\ 1 /
1 X 11 X 11 X 11 X 11 X 11 X 11 X 11 X 11 X 11 X 11 X 11 X 11 X 11 X 11 X 11 X 1
/ 1 \/ 1 \/ 1 \/ 1 \/ 1 \/ 1 \/ 1 \/ 1 \/ 1 \/ 1 \/ 1 \/ 1 \/ 1 \/ 1 \/ 1 \/ 1 \
\ 1 /\ 1 /\ 1 /\ 1 /\ 1 /\ 1 /\ 1 /\ 1 /\ 1 /\ 1 /\ 1 /\ 1 /\ 1 /\ 1 /\ 1 /\ 1 /
1 X 11 X 11 X 11 X 11 X 11 X 11 X 11 X 11 X 11 X 11 X 11 X 11 X 11 X 11 X 11 X 1
/ 1 \/ 1 \/ 1 \/ 1 \/ 1 \/ 1 \/ 1 \/ 1 \/ 1 \/ 1 \/ 1 \/ 1 \/ 1 \/ 1 \/ 1 \/ 1 \
\ 1 /\ 1 /\ 1 /\ 1 /\ 1 /\ 1 /\ 1 /\ 1 /\ 1 /\ 1 /\ 1 /\ 1 /\ 1 /\ 1 /\ 1 /\ 1 /
1 X 11 X 11 X 11 X 11 X 11 X 11 X 11 X 11 X 11 X 11 X 11 X 11 X 11 X 11 X 11 X 1
/ 1 \/ 1 \/ 1 \/ 1 \/ 1 \/ 1 \/ 1 \/ 1 \/ 1 \/ 1 \/ 1 \/ 1 \/ 1 \/ 1 \/ 1 \/ 1 \
\ 1 /\ 1 /\ 1 /\ 1 /\ 1 /\ 1 /\ 1 /\ 1 /\ 1 /\ 1 /\ 1 /\ 1 /\ 1 /\ 1 /\ 1 /\ 1 /
1 X 11 X 11 X 11 X 11 X 11 X 11 X 11 X 11 X 11 X 11 X 11 X 11 X 11 X 11 X 11 X 1
/ 1 \/ 1 \/ 1 \/ 1 \/ 1 \/ 1 \/ 1 \/ 1 \/ 1 \/ 1 \/ 1 \/ 1 \/ 1 \/ 1 \/ 1 \/ 1 \
\ 1 /\ 1 /\ 1 /\ 1 /\ 1 /\ 1 /\ 1 /\ 1 /\ 1 /\ 1 /\ 1 /\ 1 /\ 1 /\ 1 /\ 1 /\ 1 /
1 X 11 X 11 X 11 X 11 X 11 X 11 X 11 X 11 X 11 X 11 X 11 X 11 X 11 X 11 X 11 X 1
/ 1 \/ 1 \/ 1 \/ 1 \/ 1 \/ 1 \/ 1 \/ 1 \/ 1 \/ 1 \/ 1 \/ 1 \/ 1 \/ 1 \/ 1 \/ 1 \
\ 1 /\ 1 /\ 1 /\ 1 /\ 1 /\ 1 /\ 1 /\ 1 /\ 1 /\ 1 /\ 1 /\ 1 /\ 1 /\ 1 /\ 1 /\ 1 /
1 X 11 X 11 X 11 X 11 X 11 X 11 X 11 X 11 X 11 X 11 X 11 X 11 X 11 X 11 X 11 X 1
/ 1 \/ 1 \/ 1 \/ 1 \/ 1 \/ 1 \/ 1 \/ 1 \/ 1 \/ 1 \/ 1 \/ 1 \/ 1 \/ 1 \/ 1 \/ 1 \
\ 1 /\ 1 /\ 1 /\ 1 /\ 1 /\ 1 /\ 1 /\ 1 /\ 1 /\ 1 /\ 1 /\ 1 /\ 1 /\ 1 /\ 1 /\ 1 /
1 X 11 X 11 X 11 X 11 X 11 X 11 X 11 X 11 X 11 X 11 X 11 X 11 X 11 X 11 X 11 X 1
/ 1 \/ 1 \/ 1 \/ 1 \/ 1 \/ 1 \/ 1 \/ 1 \/ 1 \/ 1 \/ 1 \/ 1 \/ 1 \/ 1 \/ 1 \/ 1 \
\ 1 /\ 1 /\ 1 /\ 1 /\ 1 /\ 1 /\ 1 /\ 1 /\ 1 /\ 1 /\ 1 /\ 1 /\ 1 /\ 1 /\ 1 /\ 1 /
1 X 11 X 11 X 11 X 11 X 11 X 11 X 11 X 11 X 11 X 11 X 11 X 11 X 11 X 11 X 11 X 1
/ 1 \/ 1 \/ 1 \/ 1 \/ 1 \/ 1 \/ 1 \/ 1 \/ 1 \/ 1 \/ 1 \/ 1 \/ 1 \/ 1 \/ 1 \/ 1 \
\ 1 /\ 1 /\ 1 /\ 1 /\ 1 /\ 1 /\ 1 /\ 1 /\ 1 /\ 1 /\ 1 /\ 1 /\ 1 /\ 1 /\ 1 /\ 1 /
4 X 11 X 11 X 11 X 11 X 11 X 11 X 11 X 11 X 11 X 11 X 11 X 11 X 11 X 11 X 11 X 3
/ 4 \/ 1 \/ 1 \/ 1 \/ 1 \/ 1 \/ 1 \/ 1 \/ 1 \/ 1 \/ 1 \/ 1 \/ 1 \/ 1 \/ 1 \/ 3 \
