\ 7 /\ 9 /\ 3 /
5 X 33 X 88 X 7
/ 1 \/ 9 \/ 5 \
\ 1 /\ 9 /\ 5 /
0 X 44 X 88 X 2
/ 6 \/ 0 \/ 2 \
