\ 5 / \ 0 / \ 4 /
5 X 3 3 X 7 7 X 7
/ 9 \ / 6 \ / 7 \
\ 9 / \ 6 / \ 7 /
1 X 2 2 X 7 7 X 2
/ 9 \ / 5 \ / 0 \
\ 9 / \ 5 / \ 0 /
7 X 5 5 X 6 6 X 2
/ 3 \ / 8 \ / 0 \
