\ 1 /\ 1 /\ 1 /\ 1 /\ 1 /\ 1 /\ 1 /\ 1 /\ 1 /\ 1 /
1 X 11 X 11 X 11 X 11 X 11 X 11 X 11 X 11 X 11 X 1
/ 1 \/ 1 \/ 1 \/ 1 \/ 1 \/ 1 \/ 1 \/ 1 \/ 1 \/ 1 \
\ 1 /\ 1 /\ 1 /\ 1 /\ 1 /\ 1 /\ 1 /\ 1 /\ 1 /\ 1 /
1 X 11 X 11 X 11 X 11 X 11 X 11 X 11 X 11 X 11 X 1
/ 1 \/ 1 \/ 1 \/ 1 \/ 1 \/ 1 \/ 1 \/ 1 \/ 1 \/ 1 \
\ 1 /\ 1 /\ 1 /\ 1 /\ 1 /\ 1 /\ 1 /\ 1 /\ 1 /\ 1 /
1 X 11 X 11 X 11 X 11 X 11 X 11 X 11 X 11 X 11 X 1
/ 1 \/ 1 \/ 1 \/ 1 \/ 1 \/ 1 \/ 1 \/ 1 \/ 1 \/ 1 \
\ 1 /\ 1 /\ 1 /\ 1 /\ 1 /\ 1 /\ 1 /\ 1 /\ 1 /\ 1 /
1 X 11 X 11 X 11 X 11 X 11 X 11 X 11 X 11 X 11 X 1
/ 1 \/ 1 \/ 1 \/ 1 \/ 1 \/ 1 \/ 1 \/ 1 \/ 1 \/ 1 \
\ 1 /\ 1 /\ 1 /\ 1 /\ 1 /\ 1 /\ 1 /\ 1 /\ 1 /\ 1 /
1 X 11 X 11 X 11 X 11 X 11 X 11 X 11 X 11 X 11 X 1
/ 1 \/ 1 \/ 1 \/ 1 \/ 1 \/ 1 \/ 1 \/ 1 \/ 1 \/ 1 \
\ 1 /\ 1 /\ 1 /\ 1 /\ 1 /\ 1 /\ 1 /\ 1 /\ 1 /\ 1 /
1 X 11 X 11 X 11 X 11 X 11 X 11 X 11 X 11 X 11 X 1
/ 1 \/ 1 \/ 1 \/ 1 \/ 1 \/ 1 \/ 1 \/ 1 \/ 1 \/ 1 \
\ 1 /\ 1 /\ 1 /\ 1 /\ 1 /\ 1 /\ 1 /\ 1 /\ 1 /\ 1 /
1 X 11 X 11 X 11 X 11 X 11 X 11 X 11 X 11 X 11 X 1
/ 1 \/ 1 \/ 1 \/ 1 \/ 1 \/ 1 \/ 1 \/ 1 \/ 1 \/ 1 \
\ 1 /\ 1 /\ 1 /\ 1 /\ 1 /\ 1 /\ 1 /\ 1 /\ 1 /\ 1 /
1 X 11 X 11 X 11 X 11 X 11 X 11 X 11 X 11 X 11 X 1
/ 1 \/ 1 \/ 1 \/ 1 \/ 1 \/ 1 \/ 1 \/ 1 \/ 1 \/ 1 \
\ 1 /\ 1 /\ 1 /\ 1 /\ 1 /\ 1 /\ 1 /\ 1 /\ 1 /\ 1 /
1 X 11 X 11 X 11 X 11 X 11 X 11 X 11 X 11 X 11 X 1
/ 1 \/ 1 \/ 1 \/ 1 \/ 1 \/ 1 \/ 1 \/ 1 \/ 1 \/ 1 \
\ 1 /\ 1 /\ 1 /\ 1 /\ 1 /\ 1 /\ 1 /\ 1 /\ 1 /\ 1 /
1 X 11 X 11 X 11 X 11 X 11 X 11 X 11 X 11 X 11 X 1
/ 1 \/ 1 \/ 1 \/ 1 \/ 1 \/ 1 \/ 1 \/ 1 \/ 1 \/ 1 \
