\ 1 / \ 1 / \ 1 / \ 2 / \ 2 / \ 2 / \ 3 / \ 3 / \ 3 / \ 4 / \ 4 / \ 4 / \ 5 / \ 5 / \ 5 / \ 6 / \ 6 / \ 6 / \ 7 / \ 7 / \ 7 / \ 8 / \ 8 / \ 8 / \ 9 / \ 9 / \ 9 / \ 0 / \ 0 / \ 0 /
1 X 1 1 X 1 1 X 2 2 X 2 2 X 2 2 X 3 3 X 3 3 X 3 3 X 4 4 X 4 4 X 4 4 X 5 5 X 5 5 X 5 5 X 6 6 X 6 6 X 6 6 X 7 7 X 7 7 X 7 7 X 8 8 X 8 8 X 8 8 X 9 9 X 9 9 X 9 9 X 0 0 X 0 0 X 0 0 X 0
/ 1 \ / 1 \ / 1 \ / 2 \ / 2 \ / 2 \ / 3 \ / 3 \ / 3 \ / 4 \ / 4 \ / 4 \ / 5 \ / 5 \ / 5 \ / 6 \ / 6 \ / 6 \ / 7 \ / 7 \ / 7 \ / 8 \ / 8 \ / 8 \ / 9 \ / 9 \ / 9 \ / 0 \ / 0 \ / 0 \
