\ 5 /\ 3 /\ 1 /\ 1 /\ 8 /\ 3 /
2 X 44 X 33 X 55 X 99 X 44 X 3
/ 7 \/ 1 \/ 2 \/ 3 \/ 1 \/ 1 \
\ 7 /\ 1 /\ 2 /\ 3 /\ 1 /\ 1 /
9 X 66 X 11 X 66 X 33 X 88 X 2
/ 9 \/ 9 \/ 5 \/ 7 \/ 2 \/ 3 \
\ 9 /\ 9 /\ 5 /\ 7 /\ 2 /\ 3 /
3 X 55 X 55 X 11 X 00 X 22 X 5
/ 4 \/ 6 \/ 9 \/ 4 \/ 8 \/ 7 \
\ 4 /\ 6 /\ 9 /\ 4 /\ 8 /\ 7 /
9 X 77 X 77 X 22 X 55 X 11 X 6
/ 2 \/ 8 \/ 9 \/ 3 \/ 9 \/ 3 \
\ 2 /\ 8 /\ 9 /\ 3 /\ 9 /\ 3 /
6 X 77 X 00 X 66 X 33 X 22 X 5
/ 2 \/ 9 \/ 7 \/ 7 \/ 5 \/ 7 \
\ 2 /\ 9 /\ 7 /\ 7 /\ 5 /\ 7 /
4 X 11 X 22 X 00 X 33 X 11 X 6
/ 4 \/ 4 \/ 8 \/ 1 \/ 9 \/ 3 \
