\ 3 /\ 3 /\ 9 /\ 6 /
4 X 00 X 44 X 44 X 1
/ 7 \/ 2 \/ 7 \/ 9 \
\ 7 /\ 2 /\ 7 /\ 9 /
6 X 77 X 00 X 00 X 2
/ 4 \/ 3 \/ 6 \/ 7 \
\ 4 /\ 3 /\ 6 /\ 7 /
3 X 33 X 22 X 44 X 4
/ 1 \/ 6 \/ 2 \/ 9 \
\ 1 /\ 6 /\ 2 /\ 9 /
2 X 33 X 66 X 44 X 5
/ 0 \/ 9 \/ 8 \/ 3 \
\ 0 /\ 9 /\ 8 /\ 3 /
0 X 00 X 11 X 77 X 0
/ 0 \/ 1 \/ 5 \/ 5 \
\ 0 /\ 1 /\ 5 /\ 5 /
5 X 44 X 77 X 88 X 9
/ 6 \/ 4 \/ 0 \/ 3 \
\ 6 /\ 4 /\ 0 /\ 3 /
6 X 44 X 00 X 00 X 3
/ 6 \/ 4 \/ 0 \/ 3 \
