\ 6 /\ 2 /\ 7 /\ 8 /\ 1 /
1 X 66 X 22 X 11 X 22 X 1
/ 7 \/ 1 \/ 3 \/ 8 \/ 0 \
\ 7 /\ 1 /\ 3 /\ 8 /\ 0 /
9 X 33 X 00 X 77 X 77 X 1
/ 3 \/ 5 \/ 4 \/ 4 \/ 3 \
\ 3 /\ 5 /\ 4 /\ 4 /\ 3 /
0 X 99 X 33 X 99 X 22 X 9
/ 9 \/ 4 \/ 3 \/ 0 \/ 1 \
\ 9 /\ 4 /\ 3 /\ 0 /\ 1 /
8 X 44 X 22 X 88 X 88 X 7
/ 7 \/ 2 \/ 6 \/ 0 \/ 2 \
\ 7 /\ 2 /\ 6 /\ 0 /\ 2 /
6 X 22 X 88 X 22 X 33 X 6
/ 2 \/ 9 \/ 8 \/ 6 \/ 7 \
