\ 7 /\ 7 /\ 7 /\ 1 /\ 0 /
5 X 33 X 88 X 22 X 99 X 5
/ 8 \/ 0 \/ 6 \/ 4 \/ 2 \
\ 8 /\ 0 /\ 6 /\ 4 /\ 2 /
4 X 33 X 99 X 22 X 11 X 8
/ 7 \/ 8 \/ 3 \/ 8 \/ 6 \
\ 7 /\ 8 /\ 3 /\ 8 /\ 6 /
2 X 00 X 00 X 99 X 55 X 2
/ 5 \/ 4 \/ 7 \/ 0 \/ 0 \
\ 5 /\ 4 /\ 7 /\ 0 /\ 0 /
7 X 00 X 88 X 77 X 33 X 3
/ 8 \/ 2 \/ 0 \/ 1 \/ 0 \
\ 8 /\ 2 /\ 0 /\ 1 /\ 0 /
1 X 88 X 22 X 55 X 77 X 5
/ 5 \/ 0 \/ 6 \/ 9 \/ 5 \
